app/(app)/decisions/dart/page.tsx(29,24): error TS2554: Expected 1 arguments, but got 0.
